../drivers/Src/stm32f407xx_spi_driver.c:22:6:SPI_PeriClockControl	16	static
../drivers/Src/stm32f407xx_spi_driver.c:57:6:SPI_Init	24	static
../drivers/Src/stm32f407xx_spi_driver.c:107:6:SPI_DeInit	16	static
../drivers/Src/stm32f407xx_spi_driver.c:132:9:SPI_GetFlagStatus	16	static
../drivers/Src/stm32f407xx_spi_driver.c:155:6:SPI_SendData	24	static
../drivers/Src/stm32f407xx_spi_driver.c:187:6:SPI_ReceiveData	24	static
../drivers/Src/stm32f407xx_spi_driver.c:223:6:SPI_IRQInterruptConfig	16	static
../drivers/Src/stm32f407xx_spi_driver.c:239:6:SPI_IRQPriorityConfig	16	static
../drivers/Src/stm32f407xx_spi_driver.c:255:6:SPI_PeripheralControl	16	static
../drivers/Src/stm32f407xx_spi_driver.c:275:6:SPI_SSIConfig	16	static
../drivers/Src/stm32f407xx_spi_driver.c:295:6:SPI_SSOEConfig	16	static
../drivers/Src/stm32f407xx_spi_driver.c:316:9:SPI_SendDataIT	32	static
../drivers/Src/stm32f407xx_spi_driver.c:348:9:SPI_ReceiveDataIT	32	static
../drivers/Src/stm32f407xx_spi_driver.c:384:6:SPI_IRQHandling	24	static
../drivers/Src/stm32f407xx_spi_driver.c:415:13:spi_txe_interrupt_handle	16	static
../drivers/Src/stm32f407xx_spi_driver.c:441:13:spi_rxne_interrupt_handle	16	static
../drivers/Src/stm32f407xx_spi_driver.c:469:13:spi_ovr_err_interrupt_handle	24	static
../drivers/Src/stm32f407xx_spi_driver.c:482:6:SPI_CloseTransmission	16	static
../drivers/Src/stm32f407xx_spi_driver.c:489:6:SPI_CloseReception	16	static
../drivers/Src/stm32f407xx_spi_driver.c:496:6:SPI_ClearOVRFlag	24	static
../drivers/Src/stm32f407xx_spi_driver.c:502:13:SPI_ApplicationCallback	16	static
